runlog-rollup verifier
repo:    /work/repo
heldout: /verify/heldout
python:  Python 3.12.13
pytest:  pytest 9.1.1

=== [1] Preflight
    ok: repo and held-out material present

=== [2] No network
    ok: no egress

=== [3] Visible test files unchanged
    ok: 10 protected files match their recorded digests

=== [4] No collection-time overrides
    ok: no added conftest.py, ini files or import hooks

=== [5] Source is unaware of the test harness
    ok: no test-harness awareness in src/

=== [6] Module provenance
    ok: runlog imports from the repo under test only

=== [7] Visible suite
....................                                                     [100%]
20 passed in 2.55s
    ok: visible suite: 20 passed

=== [8] Held-out suite
............                                                             [100%]
12 passed in 0.50s
    ok: held-out suite: 12 passed

=== [9] Both suites in one process
................................                                         [100%]
32 passed in 3.38s
    ok: combined run: 32 passed in a single interpreter

=== summary

RESULT: PASS
